<?xml version="1.0"?>
<link_info>
   <banner>MSP430 Linker PC v4.3.3</banner>
   <copyright>Copyright (c) 2003-2014 Texas Instruments Incorporated</copyright>
   <link_time>0x55893bfe</link_time>
   <link_errors>0x0</link_errors>
   <output_file>tft_sd_card.out</output_file>
   <entry_point>
      <name>_c_int00</name>
      <address>0x445c</address>
   </entry_point>
   <input_file_list>
      <input_file id="fl-2">
         <path>.\</path>
         <kind>object</kind>
         <file>main.obj</file>
         <name>main.obj</name>
      </input_file>
      <input_file id="fl-3">
         <path>.\ssd1289\</path>
         <kind>object</kind>
         <file>screens.obj</file>
         <name>screens.obj</name>
      </input_file>
      <input_file id="fl-4">
         <path>.\ssd1289\</path>
         <kind>object</kind>
         <file>ssd1289.obj</file>
         <name>ssd1289.obj</name>
      </input_file>
      <input_file id="fl-5">
         <path>.\motors\</path>
         <kind>object</kind>
         <file>motors_func.obj</file>
         <name>motors_func.obj</name>
      </input_file>
      <input_file id="fl-6">
         <path>.\ads7843\</path>
         <kind>object</kind>
         <file>ads7843.obj</file>
         <name>ads7843.obj</name>
      </input_file>
      <input_file id="fl-7">
         <path>.\ads7843\</path>
         <kind>object</kind>
         <file>position.obj</file>
         <name>position.obj</name>
      </input_file>
      <input_file id="fl-8">
         <path>.\SD\</path>
         <kind>object</kind>
         <file>sd_functions.obj</file>
         <name>sd_functions.obj</name>
      </input_file>
      <input_file id="fl-9">
         <path>.\SD\pff2a\src\</path>
         <kind>object</kind>
         <file>diskio.obj</file>
         <name>diskio.obj</name>
      </input_file>
      <input_file id="fl-a">
         <path>.\SD\pff2a\src\</path>
         <kind>object</kind>
         <file>pff.obj</file>
         <name>pff.obj</name>
      </input_file>
      <input_file id="fl-b">
         <path>.\SD\drivers\</path>
         <kind>object</kind>
         <file>spi.obj</file>
         <name>spi.obj</name>
      </input_file>
      <input_file id="fl-c">
         <path>.\End_stops\</path>
         <kind>object</kind>
         <file>end_stop.obj</file>
         <name>end_stop.obj</name>
      </input_file>
      <input_file id="fl-d">
         <path>.\End_stops\</path>
         <kind>object</kind>
         <file>gcode.obj</file>
         <name>gcode.obj</name>
      </input_file>
      <input_file id="fl-e">
         <path>.\End_stops\</path>
         <kind>object</kind>
         <file>step_driver.obj</file>
         <name>step_driver.obj</name>
      </input_file>
      <input_file id="fl-f">
         <path>.\End_stops\</path>
         <kind>object</kind>
         <file>timers.obj</file>
         <name>timers.obj</name>
      </input_file>
      <input_file id="fl-3e">
         <path>c:\ti\ccsv6\tools\compiler\msp430_4.3.3\lib\</path>
         <kind>archive</kind>
         <file>rts430x_lc_rd_eabi.lib</file>
         <name>atof.obj</name>
      </input_file>
      <input_file id="fl-3f">
         <path>c:\ti\ccsv6\tools\compiler\msp430_4.3.3\lib\</path>
         <kind>archive</kind>
         <file>rts430x_lc_rd_eabi.lib</file>
         <name>atoi.obj</name>
      </input_file>
      <input_file id="fl-40">
         <path>c:\ti\ccsv6\tools\compiler\msp430_4.3.3\lib\</path>
         <kind>archive</kind>
         <file>rts430x_lc_rd_eabi.lib</file>
         <name>boot.obj</name>
      </input_file>
      <input_file id="fl-41">
         <path>c:\ti\ccsv6\tools\compiler\msp430_4.3.3\lib\</path>
         <kind>archive</kind>
         <file>rts430x_lc_rd_eabi.lib</file>
         <name>copy_decompress_none.obj</name>
      </input_file>
      <input_file id="fl-42">
         <path>c:\ti\ccsv6\tools\compiler\msp430_4.3.3\lib\</path>
         <kind>archive</kind>
         <file>rts430x_lc_rd_eabi.lib</file>
         <name>copy_decompress_rle.obj</name>
      </input_file>
      <input_file id="fl-43">
         <path>c:\ti\ccsv6\tools\compiler\msp430_4.3.3\lib\</path>
         <kind>archive</kind>
         <file>rts430x_lc_rd_eabi.lib</file>
         <name>copy_zero_init.obj</name>
      </input_file>
      <input_file id="fl-44">
         <path>c:\ti\ccsv6\tools\compiler\msp430_4.3.3\lib\</path>
         <kind>archive</kind>
         <file>rts430x_lc_rd_eabi.lib</file>
         <name>ctype.obj</name>
      </input_file>
      <input_file id="fl-45">
         <path>c:\ti\ccsv6\tools\compiler\msp430_4.3.3\lib\</path>
         <kind>archive</kind>
         <file>rts430x_lc_rd_eabi.lib</file>
         <name>cvtdf.obj</name>
      </input_file>
      <input_file id="fl-46">
         <path>c:\ti\ccsv6\tools\compiler\msp430_4.3.3\lib\</path>
         <kind>archive</kind>
         <file>rts430x_lc_rd_eabi.lib</file>
         <name>div16u.obj</name>
      </input_file>
      <input_file id="fl-47">
         <path>c:\ti\ccsv6\tools\compiler\msp430_4.3.3\lib\</path>
         <kind>archive</kind>
         <file>rts430x_lc_rd_eabi.lib</file>
         <name>div32u.obj</name>
      </input_file>
      <input_file id="fl-48">
         <path>c:\ti\ccsv6\tools\compiler\msp430_4.3.3\lib\</path>
         <kind>archive</kind>
         <file>rts430x_lc_rd_eabi.lib</file>
         <name>exit.obj</name>
      </input_file>
      <input_file id="fl-49">
         <path>c:\ti\ccsv6\tools\compiler\msp430_4.3.3\lib\</path>
         <kind>archive</kind>
         <file>rts430x_lc_rd_eabi.lib</file>
         <name>fs_add.obj</name>
      </input_file>
      <input_file id="fl-4a">
         <path>c:\ti\ccsv6\tools\compiler\msp430_4.3.3\lib\</path>
         <kind>archive</kind>
         <file>rts430x_lc_rd_eabi.lib</file>
         <name>fs_cmp.obj</name>
      </input_file>
      <input_file id="fl-4b">
         <path>c:\ti\ccsv6\tools\compiler\msp430_4.3.3\lib\</path>
         <kind>archive</kind>
         <file>rts430x_lc_rd_eabi.lib</file>
         <name>fs_ltof.obj</name>
      </input_file>
      <input_file id="fl-4c">
         <path>c:\ti\ccsv6\tools\compiler\msp430_4.3.3\lib\</path>
         <kind>archive</kind>
         <file>rts430x_lc_rd_eabi.lib</file>
         <name>fs_mpy.obj</name>
      </input_file>
      <input_file id="fl-4d">
         <path>c:\ti\ccsv6\tools\compiler\msp430_4.3.3\lib\</path>
         <kind>archive</kind>
         <file>rts430x_lc_rd_eabi.lib</file>
         <name>fs_neg.obj</name>
      </input_file>
      <input_file id="fl-4e">
         <path>c:\ti\ccsv6\tools\compiler\msp430_4.3.3\lib\</path>
         <kind>archive</kind>
         <file>rts430x_lc_rd_eabi.lib</file>
         <name>fs_tol.obj</name>
      </input_file>
      <input_file id="fl-4f">
         <path>c:\ti\ccsv6\tools\compiler\msp430_4.3.3\lib\</path>
         <kind>archive</kind>
         <file>rts430x_lc_rd_eabi.lib</file>
         <name>int41.obj</name>
      </input_file>
      <input_file id="fl-50">
         <path>c:\ti\ccsv6\tools\compiler\msp430_4.3.3\lib\</path>
         <kind>archive</kind>
         <file>rts430x_lc_rd_eabi.lib</file>
         <name>int45.obj</name>
      </input_file>
      <input_file id="fl-51">
         <path>c:\ti\ccsv6\tools\compiler\msp430_4.3.3\lib\</path>
         <kind>archive</kind>
         <file>rts430x_lc_rd_eabi.lib</file>
         <name>int46.obj</name>
      </input_file>
      <input_file id="fl-52">
         <path>c:\ti\ccsv6\tools\compiler\msp430_4.3.3\lib\</path>
         <kind>archive</kind>
         <file>rts430x_lc_rd_eabi.lib</file>
         <name>int48.obj</name>
      </input_file>
      <input_file id="fl-53">
         <path>c:\ti\ccsv6\tools\compiler\msp430_4.3.3\lib\</path>
         <kind>archive</kind>
         <file>rts430x_lc_rd_eabi.lib</file>
         <name>int49.obj</name>
      </input_file>
      <input_file id="fl-54">
         <path>c:\ti\ccsv6\tools\compiler\msp430_4.3.3\lib\</path>
         <kind>archive</kind>
         <file>rts430x_lc_rd_eabi.lib</file>
         <name>int50.obj</name>
      </input_file>
      <input_file id="fl-55">
         <path>c:\ti\ccsv6\tools\compiler\msp430_4.3.3\lib\</path>
         <kind>archive</kind>
         <file>rts430x_lc_rd_eabi.lib</file>
         <name>int51.obj</name>
      </input_file>
      <input_file id="fl-56">
         <path>c:\ti\ccsv6\tools\compiler\msp430_4.3.3\lib\</path>
         <kind>archive</kind>
         <file>rts430x_lc_rd_eabi.lib</file>
         <name>int53.obj</name>
      </input_file>
      <input_file id="fl-57">
         <path>c:\ti\ccsv6\tools\compiler\msp430_4.3.3\lib\</path>
         <kind>archive</kind>
         <file>rts430x_lc_rd_eabi.lib</file>
         <name>int54.obj</name>
      </input_file>
      <input_file id="fl-58">
         <path>c:\ti\ccsv6\tools\compiler\msp430_4.3.3\lib\</path>
         <kind>archive</kind>
         <file>rts430x_lc_rd_eabi.lib</file>
         <name>int55.obj</name>
      </input_file>
      <input_file id="fl-59">
         <path>c:\ti\ccsv6\tools\compiler\msp430_4.3.3\lib\</path>
         <kind>archive</kind>
         <file>rts430x_lc_rd_eabi.lib</file>
         <name>int56.obj</name>
      </input_file>
      <input_file id="fl-5a">
         <path>c:\ti\ccsv6\tools\compiler\msp430_4.3.3\lib\</path>
         <kind>archive</kind>
         <file>rts430x_lc_rd_eabi.lib</file>
         <name>int57.obj</name>
      </input_file>
      <input_file id="fl-5b">
         <path>c:\ti\ccsv6\tools\compiler\msp430_4.3.3\lib\</path>
         <kind>archive</kind>
         <file>rts430x_lc_rd_eabi.lib</file>
         <name>int58.obj</name>
      </input_file>
      <input_file id="fl-5c">
         <path>c:\ti\ccsv6\tools\compiler\msp430_4.3.3\lib\</path>
         <kind>archive</kind>
         <file>rts430x_lc_rd_eabi.lib</file>
         <name>int59.obj</name>
      </input_file>
      <input_file id="fl-5d">
         <path>c:\ti\ccsv6\tools\compiler\msp430_4.3.3\lib\</path>
         <kind>archive</kind>
         <file>rts430x_lc_rd_eabi.lib</file>
         <name>int60.obj</name>
      </input_file>
      <input_file id="fl-5e">
         <path>c:\ti\ccsv6\tools\compiler\msp430_4.3.3\lib\</path>
         <kind>archive</kind>
         <file>rts430x_lc_rd_eabi.lib</file>
         <name>int61.obj</name>
      </input_file>
      <input_file id="fl-5f">
         <path>c:\ti\ccsv6\tools\compiler\msp430_4.3.3\lib\</path>
         <kind>archive</kind>
         <file>rts430x_lc_rd_eabi.lib</file>
         <name>int62.obj</name>
      </input_file>
      <input_file id="fl-60">
         <path>c:\ti\ccsv6\tools\compiler\msp430_4.3.3\lib\</path>
         <kind>archive</kind>
         <file>rts430x_lc_rd_eabi.lib</file>
         <name>isr_trap.obj</name>
      </input_file>
      <input_file id="fl-61">
         <path>c:\ti\ccsv6\tools\compiler\msp430_4.3.3\lib\</path>
         <kind>archive</kind>
         <file>rts430x_lc_rd_eabi.lib</file>
         <name>lsl16.obj</name>
      </input_file>
      <input_file id="fl-62">
         <path>c:\ti\ccsv6\tools\compiler\msp430_4.3.3\lib\</path>
         <kind>archive</kind>
         <file>rts430x_lc_rd_eabi.lib</file>
         <name>lsl32.obj</name>
      </input_file>
      <input_file id="fl-63">
         <path>c:\ti\ccsv6\tools\compiler\msp430_4.3.3\lib\</path>
         <kind>archive</kind>
         <file>rts430x_lc_rd_eabi.lib</file>
         <name>lsr32.obj</name>
      </input_file>
      <input_file id="fl-64">
         <path>c:\ti\ccsv6\tools\compiler\msp430_4.3.3\lib\</path>
         <kind>archive</kind>
         <file>rts430x_lc_rd_eabi.lib</file>
         <name>memcpy.obj</name>
      </input_file>
      <input_file id="fl-65">
         <path>c:\ti\ccsv6\tools\compiler\msp430_4.3.3\lib\</path>
         <kind>archive</kind>
         <file>rts430x_lc_rd_eabi.lib</file>
         <name>mpu_init.obj</name>
      </input_file>
      <input_file id="fl-66">
         <path>c:\ti\ccsv6\tools\compiler\msp430_4.3.3\lib\</path>
         <kind>archive</kind>
         <file>rts430x_lc_rd_eabi.lib</file>
         <name>mult16_f5hw.obj</name>
      </input_file>
      <input_file id="fl-67">
         <path>c:\ti\ccsv6\tools\compiler\msp430_4.3.3\lib\</path>
         <kind>archive</kind>
         <file>rts430x_lc_rd_eabi.lib</file>
         <name>mult32_f5hw.obj</name>
      </input_file>
      <input_file id="fl-68">
         <path>c:\ti\ccsv6\tools\compiler\msp430_4.3.3\lib\</path>
         <kind>archive</kind>
         <file>rts430x_lc_rd_eabi.lib</file>
         <name>pre_init.obj</name>
      </input_file>
      <input_file id="fl-69">
         <path>c:\ti\ccsv6\tools\compiler\msp430_4.3.3\lib\</path>
         <kind>archive</kind>
         <file>rts430x_lc_rd_eabi.lib</file>
         <name>strncmp.obj</name>
      </input_file>
      <input_file id="fl-6a">
         <path>c:\ti\ccsv6\tools\compiler\msp430_4.3.3\lib\</path>
         <kind>archive</kind>
         <file>rts430x_lc_rd_eabi.lib</file>
         <name>strncpy.obj</name>
      </input_file>
      <input_file id="fl-6b">
         <path>c:\ti\ccsv6\tools\compiler\msp430_4.3.3\lib\</path>
         <kind>archive</kind>
         <file>rts430x_lc_rd_eabi.lib</file>
         <name>strtod.obj</name>
      </input_file>
      <input_file id="fl-6c">
         <path>c:\ti\ccsv6\tools\compiler\msp430_4.3.3\lib\</path>
         <kind>archive</kind>
         <file>rts430x_lc_rd_eabi.lib</file>
         <name>_lock.obj</name>
      </input_file>
      <input_file id="fl-6d">
         <path>c:\ti\ccsv6\tools\compiler\msp430_4.3.3\lib\</path>
         <kind>archive</kind>
         <file>rts430x_lc_rd_eabi.lib</file>
         <name>abs.obj</name>
      </input_file>
      <input_file id="fl-6e">
         <path>c:\ti\ccsv6\tools\compiler\msp430_4.3.3\lib\</path>
         <kind>archive</kind>
         <file>rts430x_lc_rd_eabi.lib</file>
         <name>addd.obj</name>
      </input_file>
      <input_file id="fl-6f">
         <path>c:\ti\ccsv6\tools\compiler\msp430_4.3.3\lib\</path>
         <kind>archive</kind>
         <file>rts430x_lc_rd_eabi.lib</file>
         <name>args_main.obj</name>
      </input_file>
      <input_file id="fl-70">
         <path>c:\ti\ccsv6\tools\compiler\msp430_4.3.3\lib\</path>
         <kind>archive</kind>
         <file>rts430x_lc_rd_eabi.lib</file>
         <name>autoinit.obj</name>
      </input_file>
      <input_file id="fl-71">
         <path>c:\ti\ccsv6\tools\compiler\msp430_4.3.3\lib\</path>
         <kind>archive</kind>
         <file>rts430x_lc_rd_eabi.lib</file>
         <name>cmpd.obj</name>
      </input_file>
      <input_file id="fl-72">
         <path>c:\ti\ccsv6\tools\compiler\msp430_4.3.3\lib\</path>
         <kind>archive</kind>
         <file>rts430x_lc_rd_eabi.lib</file>
         <name>div16s.obj</name>
      </input_file>
      <input_file id="fl-73">
         <path>c:\ti\ccsv6\tools\compiler\msp430_4.3.3\lib\</path>
         <kind>archive</kind>
         <file>rts430x_lc_rd_eabi.lib</file>
         <name>divd.obj</name>
      </input_file>
      <input_file id="fl-74">
         <path>c:\ti\ccsv6\tools\compiler\msp430_4.3.3\lib\</path>
         <kind>archive</kind>
         <file>rts430x_lc_rd_eabi.lib</file>
         <name>errno.obj</name>
      </input_file>
      <input_file id="fl-75">
         <path>c:\ti\ccsv6\tools\compiler\msp430_4.3.3\lib\</path>
         <kind>archive</kind>
         <file>rts430x_lc_rd_eabi.lib</file>
         <name>frcaddd.obj</name>
      </input_file>
      <input_file id="fl-76">
         <path>c:\ti\ccsv6\tools\compiler\msp430_4.3.3\lib\</path>
         <kind>archive</kind>
         <file>rts430x_lc_rd_eabi.lib</file>
         <name>frcdivd.obj</name>
      </input_file>
      <input_file id="fl-77">
         <path>c:\ti\ccsv6\tools\compiler\msp430_4.3.3\lib\</path>
         <kind>archive</kind>
         <file>rts430x_lc_rd_eabi.lib</file>
         <name>mpyd.obj</name>
      </input_file>
      <input_file id="fl-78">
         <path>c:\ti\ccsv6\tools\compiler\msp430_4.3.3\lib\</path>
         <kind>archive</kind>
         <file>rts430x_lc_rd_eabi.lib</file>
         <name>negd.obj</name>
      </input_file>
      <input_file id="fl-79">
         <path>c:\ti\ccsv6\tools\compiler\msp430_4.3.3\lib\</path>
         <kind>archive</kind>
         <file>rts430x_lc_rd_eabi.lib</file>
         <name>renormd.obj</name>
      </input_file>
      <input_file id="fl-7a">
         <path>c:\ti\ccsv6\tools\compiler\msp430_4.3.3\lib\</path>
         <kind>archive</kind>
         <file>rts430x_lc_rd_eabi.lib</file>
         <name>asr32.obj</name>
      </input_file>
      <input_file id="fl-7b">
         <path>c:\ti\ccsv6\tools\compiler\msp430_4.3.3\lib\</path>
         <kind>archive</kind>
         <file>rts430x_lc_rd_eabi.lib</file>
         <name>frcmpyd.obj</name>
      </input_file>
   </input_file_list>
   <object_component_list>
      <object_component id="oc-97">
         <name>.stack</name>
         <uninitialized>true</uninitialized>
         <run_address>0x4360</run_address>
         <size>0x4</size>
         <input_file_ref idref="fl-40"/>
      </object_component>
      <object_component id="oc-718">
         <name>.stack</name>
         <uninitialized>true</uninitialized>
         <run_address>0x4360</run_address>
         <size>0x0</size>
      </object_component>
      <object_component id="oc-65b">
         <name>.text:__TI_frcdivd</name>
         <load_address>0x10000</load_address>
         <run_address>0x10000</run_address>
         <size>0x452</size>
         <input_file_ref idref="fl-76"/>
      </object_component>
      <object_component id="oc-2dd">
         <name>.text:Screen_jog</name>
         <load_address>0x10452</load_address>
         <run_address>0x10452</run_address>
         <size>0x39c</size>
         <input_file_ref idref="fl-7"/>
      </object_component>
      <object_component id="oc-41e">
         <name>.text:Screen2</name>
         <load_address>0x107ee</load_address>
         <run_address>0x107ee</run_address>
         <size>0x394</size>
         <input_file_ref idref="fl-3"/>
      </object_component>
      <object_component id="oc-57e">
         <name>.text:strtod</name>
         <load_address>0x10b82</load_address>
         <run_address>0x10b82</run_address>
         <size>0x2f4</size>
         <input_file_ref idref="fl-6b"/>
      </object_component>
      <object_component id="oc-64e">
         <name>.text:__TI_frcmpyd</name>
         <load_address>0x10e76</load_address>
         <run_address>0x10e76</run_address>
         <size>0x2e4</size>
         <input_file_ref idref="fl-7b"/>
      </object_component>
      <object_component id="oc-616">
         <name>.text:__mspabi_addd</name>
         <load_address>0x1115a</load_address>
         <run_address>0x1115a</run_address>
         <size>0x2d8</size>
         <input_file_ref idref="fl-6e"/>
      </object_component>
      <object_component id="oc-604">
         <name>.text:__mspabi_mpyd</name>
         <load_address>0x11432</load_address>
         <run_address>0x11432</run_address>
         <size>0x282</size>
         <input_file_ref idref="fl-77"/>
      </object_component>
      <object_component id="oc-667">
         <name>.text:__TI_frcaddd</name>
         <load_address>0x116b4</load_address>
         <run_address>0x116b4</run_address>
         <size>0x252</size>
         <input_file_ref idref="fl-75"/>
      </object_component>
      <object_component id="oc-2d7">
         <name>.text:Screen_sd</name>
         <load_address>0x11906</load_address>
         <run_address>0x11906</run_address>
         <size>0x24e</size>
         <input_file_ref idref="fl-7"/>
      </object_component>
      <object_component id="oc-550">
         <name>.text:pf_mount</name>
         <load_address>0x11b54</load_address>
         <run_address>0x11b54</run_address>
         <size>0x244</size>
         <input_file_ref idref="fl-a"/>
      </object_component>
      <object_component id="oc-60a">
         <name>.text:__mspabi_divd</name>
         <load_address>0x11d98</load_address>
         <run_address>0x11d98</run_address>
         <size>0x222</size>
         <input_file_ref idref="fl-73"/>
      </object_component>
      <object_component id="oc-3eb">
         <name>.text:move_axis</name>
         <load_address>0x11fba</load_address>
         <run_address>0x11fba</run_address>
         <size>0x20e</size>
         <input_file_ref idref="fl-5"/>
      </object_component>
      <object_component id="oc-18d">
         <name>.text:init_TFT</name>
         <load_address>0x121c8</load_address>
         <run_address>0x121c8</run_address>
         <size>0x202</size>
         <input_file_ref idref="fl-4"/>
      </object_component>
      <object_component id="oc-471">
         <name>.text:axis_position</name>
         <load_address>0x123ca</load_address>
         <run_address>0x123ca</run_address>
         <size>0x1d2</size>
         <input_file_ref idref="fl-5"/>
      </object_component>
      <object_component id="oc-27f">
         <name>.text:move_motor</name>
         <load_address>0x1259c</load_address>
         <run_address>0x1259c</run_address>
         <size>0x190</size>
         <input_file_ref idref="fl-e"/>
      </object_component>
      <object_component id="oc-546">
         <name>.text:disk_initialize</name>
         <load_address>0x1272c</load_address>
         <run_address>0x1272c</run_address>
         <size>0x16e</size>
         <input_file_ref idref="fl-9"/>
      </object_component>
      <object_component id="oc-296">
         <name>.text:pf_lseek</name>
         <load_address>0x1289a</load_address>
         <run_address>0x1289a</run_address>
         <size>0x16e</size>
         <input_file_ref idref="fl-a"/>
      </object_component>
      <object_component id="oc-384">
         <name>.text:get_fat</name>
         <load_address>0x12a08</load_address>
         <run_address>0x12a08</run_address>
         <size>0x166</size>
         <input_file_ref idref="fl-a"/>
      </object_component>
      <object_component id="oc-425">
         <name>.text:Screen3</name>
         <load_address>0x12b6e</load_address>
         <run_address>0x12b6e</run_address>
         <size>0x146</size>
         <input_file_ref idref="fl-3"/>
      </object_component>
      <object_component id="oc-26a">
         <name>.text</name>
         <load_address>0x12cb4</load_address>
         <run_address>0x12cb4</run_address>
         <size>0x130</size>
         <input_file_ref idref="fl-49"/>
      </object_component>
      <object_component id="oc-3b3">
         <name>.text:gcode2</name>
         <load_address>0x12de4</load_address>
         <run_address>0x12de4</run_address>
         <size>0x11c</size>
         <input_file_ref idref="fl-d"/>
      </object_component>
      <object_component id="oc-28c">
         <name>.text:pf_read</name>
         <load_address>0x12f00</load_address>
         <run_address>0x12f00</run_address>
         <size>0x11c</size>
         <input_file_ref idref="fl-a"/>
      </object_component>
      <object_component id="oc-118">
         <name>.text:Screen1</name>
         <load_address>0x1301c</load_address>
         <run_address>0x1301c</run_address>
         <size>0xfc</size>
         <input_file_ref idref="fl-3"/>
      </object_component>
      <object_component id="oc-61c">
         <name>.text:__mspabi_cmpd</name>
         <load_address>0x13118</load_address>
         <run_address>0x13118</run_address>
         <size>0xd8</size>
         <input_file_ref idref="fl-71"/>
      </object_component>
      <object_component id="oc-5df">
         <name>.text:get_fileinfo</name>
         <load_address>0x131f0</load_address>
         <run_address>0x131f0</run_address>
         <size>0xd4</size>
         <input_file_ref idref="fl-a"/>
      </object_component>
      <object_component id="oc-49b">
         <name>.text:check_position_advance</name>
         <load_address>0x132c4</load_address>
         <run_address>0x132c4</run_address>
         <size>0xc8</size>
         <input_file_ref idref="fl-d"/>
      </object_component>
      <object_component id="oc-5bd">
         <name>.text:disk_writep</name>
         <load_address>0x1338c</load_address>
         <run_address>0x1338c</run_address>
         <size>0xbe</size>
         <input_file_ref idref="fl-9"/>
      </object_component>
      <object_component id="oc-523">
         <name>.text:follow_path</name>
         <load_address>0x1344a</load_address>
         <run_address>0x1344a</run_address>
         <size>0xbe</size>
         <input_file_ref idref="fl-a"/>
      </object_component>
      <object_component id="oc-5b1">
         <name>.text</name>
         <load_address>0x13508</load_address>
         <run_address>0x13508</run_address>
         <size>0xb6</size>
         <input_file_ref idref="fl-4c"/>
      </object_component>
      <object_component id="oc-693">
         <name>.text:__TI_renormd</name>
         <load_address>0x135be</load_address>
         <run_address>0x135be</run_address>
         <size>0xb2</size>
         <input_file_ref idref="fl-79"/>
      </object_component>
      <object_component id="oc-48d">
         <name>.text:pf_open</name>
         <load_address>0x13670</load_address>
         <run_address>0x13670</run_address>
         <size>0xb2</size>
         <input_file_ref idref="fl-a"/>
      </object_component>
      <object_component id="oc-4b1">
         <name>.text:getnames</name>
         <load_address>0x13722</load_address>
         <run_address>0x13722</run_address>
         <size>0xa0</size>
         <input_file_ref idref="fl-8"/>
      </object_component>
      <object_component id="oc-1f7">
         <name>.text:read</name>
         <load_address>0x137c2</load_address>
         <run_address>0x137c2</run_address>
         <size>0xa0</size>
         <input_file_ref idref="fl-6"/>
      </object_component>
      <object_component id="oc-5e5">
         <name>.text:dir_next</name>
         <load_address>0x13862</load_address>
         <run_address>0x13862</run_address>
         <size>0x9e</size>
         <input_file_ref idref="fl-a"/>
      </object_component>
      <object_component id="oc-531">
         <name>.text:actual_to_previous2</name>
         <load_address>0x13900</load_address>
         <run_address>0x13900</run_address>
         <size>0x9a</size>
         <input_file_ref idref="fl-d"/>
      </object_component>
      <object_component id="oc-1d5">
         <name>.text:actual_to_previous</name>
         <load_address>0x1399a</load_address>
         <run_address>0x1399a</run_address>
         <size>0x9a</size>
         <input_file_ref idref="fl-d"/>
      </object_component>
      <object_component id="oc-5cc">
         <name>.text:check_fs</name>
         <load_address>0x13a34</load_address>
         <run_address>0x13a34</run_address>
         <size>0x96</size>
         <input_file_ref idref="fl-a"/>
      </object_component>
      <object_component id="oc-29d">
         <name>.text:gcode</name>
         <load_address>0x13aca</load_address>
         <run_address>0x13aca</run_address>
         <size>0x96</size>
         <input_file_ref idref="fl-d"/>
      </object_component>
      <object_component id="oc-594">
         <name>.text:create_name</name>
         <load_address>0x13b60</load_address>
         <run_address>0x13b60</run_address>
         <size>0x90</size>
         <input_file_ref idref="fl-a"/>
      </object_component>
      <object_component id="oc-4e9">
         <name>.text:__mspabi_cvtdf</name>
         <load_address>0x13bf0</load_address>
         <run_address>0x13bf0</run_address>
         <size>0x8c</size>
         <input_file_ref idref="fl-45"/>
      </object_component>
      <object_component id="oc-447">
         <name>.text:send_cmd</name>
         <load_address>0x13c7c</load_address>
         <run_address>0x13c7c</run_address>
         <size>0x8c</size>
         <input_file_ref idref="fl-9"/>
      </object_component>
      <object_component id="oc-390">
         <name>.text:disk_readp</name>
         <load_address>0x13d08</load_address>
         <run_address>0x13d08</run_address>
         <size>0x8a</size>
         <input_file_ref idref="fl-9"/>
      </object_component>
      <object_component id="oc-1ef">
         <name>.text:read_docs</name>
         <load_address>0x13d92</load_address>
         <run_address>0x13d92</run_address>
         <size>0x88</size>
         <input_file_ref idref="fl-8"/>
      </object_component>
      <object_component id="oc-5d9">
         <name>.text:dir_read</name>
         <load_address>0x13e1a</load_address>
         <run_address>0x13e1a</run_address>
         <size>0x82</size>
         <input_file_ref idref="fl-a"/>
      </object_component>
      <object_component id="oc-557">
         <name>.text:pf_opendir</name>
         <load_address>0x13e9c</load_address>
         <run_address>0x13e9c</run_address>
         <size>0x7e</size>
         <input_file_ref idref="fl-a"/>
      </object_component>
      <object_component id="oc-5b6">
         <name>.text</name>
         <load_address>0x13f1a</load_address>
         <run_address>0x13f1a</run_address>
         <size>0x7e</size>
         <input_file_ref idref="fl-4e"/>
      </object_component>
      <object_component id="oc-4f1">
         <name>.text:check_position</name>
         <load_address>0x13f98</load_address>
         <run_address>0x13f98</run_address>
         <size>0x7c</size>
         <input_file_ref idref="fl-d"/>
      </object_component>
      <object_component id="oc-112">
         <name>.text:set_ports</name>
         <load_address>0x14014</load_address>
         <run_address>0x14014</run_address>
         <size>0x76</size>
         <input_file_ref idref="fl-c"/>
      </object_component>
      <object_component id="oc-59a">
         <name>.text:dir_find</name>
         <load_address>0x1408a</load_address>
         <run_address>0x1408a</run_address>
         <size>0x72</size>
         <input_file_ref idref="fl-a"/>
      </object_component>
      <object_component id="oc-5a0">
         <name>.text:dir_rewind</name>
         <load_address>0x140fc</load_address>
         <run_address>0x140fc</run_address>
         <size>0x72</size>
         <input_file_ref idref="fl-a"/>
      </object_component>
      <object_component id="oc-1ff">
         <name>.text:position</name>
         <load_address>0x1416e</load_address>
         <run_address>0x1416e</run_address>
         <size>0x70</size>
         <input_file_ref idref="fl-7"/>
      </object_component>
      <object_component id="oc-be">
         <name>.text:_auto_init_hold_wdt</name>
         <load_address>0x141de</load_address>
         <run_address>0x141de</run_address>
         <size>0x6e</size>
         <input_file_ref idref="fl-70"/>
      </object_component>
      <object_component id="oc-56a">
         <name>.text:pf_readdir</name>
         <load_address>0x1424c</load_address>
         <run_address>0x1424c</run_address>
         <size>0x6c</size>
         <input_file_ref idref="fl-a"/>
      </object_component>
      <object_component id="oc-1cc">
         <name>.text:actualize_timers</name>
         <load_address>0x142b8</load_address>
         <run_address>0x142b8</run_address>
         <size>0x64</size>
         <input_file_ref idref="fl-e"/>
      </object_component>
      <object_component id="oc-243">
         <name>.text:ssd1289_char</name>
         <load_address>0x1431c</load_address>
         <run_address>0x1431c</run_address>
         <size>0x64</size>
         <input_file_ref idref="fl-4"/>
      </object_component>
      <object_component id="oc-eb">
         <name>.text:__TI_decompress_rle_core</name>
         <load_address>0x14380</load_address>
         <run_address>0x14380</run_address>
         <size>0x62</size>
         <input_file_ref idref="fl-42"/>
      </object_component>
      <object_component id="oc-456">
         <name>.text:atoi</name>
         <load_address>0x143e2</load_address>
         <run_address>0x143e2</run_address>
         <size>0x62</size>
         <input_file_ref idref="fl-3f"/>
      </object_component>
      <object_component id="oc-186">
         <name>.text:setupDCO</name>
         <load_address>0x14444</load_address>
         <run_address>0x14444</run_address>
         <size>0x60</size>
         <input_file_ref idref="fl-4"/>
      </object_component>
      <object_component id="oc-39f">
         <name>.text</name>
         <load_address>0x144a4</load_address>
         <run_address>0x144a4</run_address>
         <size>0x58</size>
         <input_file_ref idref="fl-47"/>
      </object_component>
      <object_component id="oc-42c">
         <name>.text:ssd1289_write</name>
         <load_address>0x144fc</load_address>
         <run_address>0x144fc</run_address>
         <size>0x50</size>
         <input_file_ref idref="fl-4"/>
      </object_component>
      <object_component id="oc-20c">
         <name>.text:Driver_X_CallBack</name>
         <load_address>0x1454c</load_address>
         <run_address>0x1454c</run_address>
         <size>0x4e</size>
         <input_file_ref idref="fl-e"/>
      </object_component>
      <object_component id="oc-212">
         <name>.text:Driver_Y_CallBack</name>
         <load_address>0x1459a</load_address>
         <run_address>0x1459a</run_address>
         <size>0x4e</size>
         <input_file_ref idref="fl-e"/>
      </object_component>
      <object_component id="oc-227">
         <name>.text:SetVcoreUp</name>
         <load_address>0x145e8</load_address>
         <run_address>0x145e8</run_address>
         <size>0x4e</size>
         <input_file_ref idref="fl-4"/>
      </object_component>
      <object_component id="oc-2e3">
         <name>.text:Screen_intro</name>
         <load_address>0x14636</load_address>
         <run_address>0x14636</run_address>
         <size>0x4c</size>
         <input_file_ref idref="fl-7"/>
      </object_component>
      <object_component id="oc-47a">
         <name>.text</name>
         <load_address>0x14682</load_address>
         <run_address>0x14682</run_address>
         <size>0x4a</size>
         <input_file_ref idref="fl-4a"/>
      </object_component>
      <object_component id="oc-496">
         <name>.text</name>
         <load_address>0x146cc</load_address>
         <run_address>0x146cc</run_address>
         <size>0x4a</size>
         <input_file_ref idref="fl-4b"/>
      </object_component>
      <object_component id="oc-218">
         <name>.text:Driver_Z_CallBack</name>
         <load_address>0x14716</load_address>
         <run_address>0x14716</run_address>
         <size>0x40</size>
         <input_file_ref idref="fl-e"/>
      </object_component>
      <object_component id="oc-45f">
         <name>.text:chat_to_int</name>
         <load_address>0x14756</load_address>
         <run_address>0x14756</run_address>
         <size>0x40</size>
         <input_file_ref idref="fl-d"/>
      </object_component>
      <object_component id="oc-38a">
         <name>.text:clust2sect</name>
         <load_address>0x14796</load_address>
         <run_address>0x14796</run_address>
         <size>0x40</size>
         <input_file_ref idref="fl-a"/>
      </object_component>
      <object_component id="oc-199">
         <name>.text:ssd1289_rectangle</name>
         <load_address>0x147d6</load_address>
         <run_address>0x147d6</run_address>
         <size>0x40</size>
         <input_file_ref idref="fl-4"/>
      </object_component>
      <object_component id="oc-677">
         <name>.text:l_asr_const</name>
         <load_address>0x14816</load_address>
         <run_address>0x14816</run_address>
         <size>0x3e</size>
         <input_file_ref idref="fl-7a"/>
      </object_component>
      <object_component id="oc-39a">
         <name>.text:l_lsl_const</name>
         <load_address>0x14854</load_address>
         <run_address>0x14854</run_address>
         <size>0x3e</size>
         <input_file_ref idref="fl-62"/>
      </object_component>
      <object_component id="oc-37f">
         <name>.text:l_lsr_const</name>
         <load_address>0x14892</load_address>
         <run_address>0x14892</run_address>
         <size>0x3e</size>
         <input_file_ref idref="fl-63"/>
      </object_component>
      <object_component id="oc-1a9">
         <name>.text:drawbitmap</name>
         <load_address>0x148d0</load_address>
         <run_address>0x148d0</run_address>
         <size>0x3a</size>
         <input_file_ref idref="fl-4"/>
      </object_component>
      <object_component id="oc-3a5">
         <name>.text:get_val</name>
         <load_address>0x1490a</load_address>
         <run_address>0x1490a</run_address>
         <size>0x38</size>
         <input_file_ref idref="fl-d"/>
      </object_component>
      <object_component id="oc-127">
         <name>.text:spi_initialize</name>
         <load_address>0x14942</load_address>
         <run_address>0x14942</run_address>
         <size>0x38</size>
         <input_file_ref idref="fl-b"/>
      </object_component>
      <object_component id="oc-193">
         <name>.text:ssd1289_fill</name>
         <load_address>0x1497a</load_address>
         <run_address>0x1497a</run_address>
         <size>0x38</size>
         <input_file_ref idref="fl-4"/>
      </object_component>
      <object_component id="oc-12d">
         <name>.text:EndStop_X_CallBack</name>
         <load_address>0x149b2</load_address>
         <run_address>0x149b2</run_address>
         <size>0x36</size>
         <input_file_ref idref="fl-2"/>
      </object_component>
      <object_component id="oc-133">
         <name>.text:EndStop_Y_CallBack</name>
         <load_address>0x149e8</load_address>
         <run_address>0x149e8</run_address>
         <size>0x36</size>
         <input_file_ref idref="fl-2"/>
      </object_component>
      <object_component id="oc-139">
         <name>.text:EndStop_Z_CallBack</name>
         <load_address>0x14a1e</load_address>
         <run_address>0x14a1e</run_address>
         <size>0x36</size>
         <input_file_ref idref="fl-2"/>
      </object_component>
      <object_component id="oc-2ae">
         <name>.text:write</name>
         <load_address>0x14a54</load_address>
         <run_address>0x14a54</run_address>
         <size>0x36</size>
         <input_file_ref idref="fl-6"/>
      </object_component>
      <object_component id="oc-c4">
         <name>.text:main</name>
         <load_address>0x14a8a</load_address>
         <run_address>0x14a8a</run_address>
         <size>0x34</size>
         <input_file_ref idref="fl-2"/>
      </object_component>
      <object_component id="oc-561">
         <name>.text:strncpy</name>
         <load_address>0x14abe</load_address>
         <run_address>0x14abe</run_address>
         <size>0x32</size>
         <input_file_ref idref="fl-6a"/>
      </object_component>
      <object_component id="oc-1c6">
         <name>.text:timer_off</name>
         <load_address>0x14af0</load_address>
         <run_address>0x14af0</run_address>
         <size>0x30</size>
         <input_file_ref idref="fl-f"/>
      </object_component>
      <object_component id="oc-341">
         <name>.text:timer_on</name>
         <load_address>0x14b20</load_address>
         <run_address>0x14b20</run_address>
         <size>0x30</size>
         <input_file_ref idref="fl-f"/>
      </object_component>
      <object_component id="oc-5f0">
         <name>.text:__mspabi_negd</name>
         <load_address>0x14b50</load_address>
         <run_address>0x14b50</run_address>
         <size>0x2e</size>
         <input_file_ref idref="fl-78"/>
      </object_component>
      <object_component id="oc-5fc">
         <name>.text</name>
         <load_address>0x14b7e</load_address>
         <run_address>0x14b7e</run_address>
         <size>0x2c</size>
         <input_file_ref idref="fl-72"/>
      </object_component>
      <object_component id="oc-3d3">
         <name>.text:ssd1289_fill_rectangle</name>
         <load_address>0x14baa</load_address>
         <run_address>0x14baa</run_address>
         <size>0x2c</size>
         <input_file_ref idref="fl-4"/>
      </object_component>
      <object_component id="oc-2a5">
         <name>.text:strncmp</name>
         <load_address>0x14bd6</load_address>
         <run_address>0x14bd6</run_address>
         <size>0x2a</size>
         <input_file_ref idref="fl-69"/>
      </object_component>
      <object_component id="oc-538">
         <name>.text:convert</name>
         <load_address>0x14c00</load_address>
         <run_address>0x14c00</run_address>
         <size>0x28</size>
         <input_file_ref idref="fl-d"/>
      </object_component>
      <object_component id="oc-1a0">
         <name>.text:ssd1289_string</name>
         <load_address>0x14c28</load_address>
         <run_address>0x14c28</run_address>
         <size>0x28</size>
         <input_file_ref idref="fl-4"/>
      </object_component>
      <object_component id="oc-2b4">
         <name>.text:touch_read</name>
         <load_address>0x14c50</load_address>
         <run_address>0x14c50</run_address>
         <size>0x28</size>
         <input_file_ref idref="fl-6"/>
      </object_component>
      <object_component id="oc-1de">
         <name>.text:home_axis_home</name>
         <load_address>0x14c78</load_address>
         <run_address>0x14c78</run_address>
         <size>0x26</size>
         <input_file_ref idref="fl-5"/>
      </object_component>
      <object_component id="oc-236">
         <name>.text:ssd1289_hline</name>
         <load_address>0x14c9e</load_address>
         <run_address>0x14c9e</run_address>
         <size>0x26</size>
         <input_file_ref idref="fl-4"/>
      </object_component>
      <object_component id="oc-31e">
         <name>.text:ssd1289_pixel</name>
         <load_address>0x14cc4</load_address>
         <run_address>0x14cc4</run_address>
         <size>0x26</size>
         <input_file_ref idref="fl-4"/>
      </object_component>
      <object_component id="oc-23c">
         <name>.text:ssd1289_vline</name>
         <load_address>0x14cea</load_address>
         <run_address>0x14cea</run_address>
         <size>0x26</size>
         <input_file_ref idref="fl-4"/>
      </object_component>
      <object_component id="oc-8b">
         <name>.text:decompress:ZI:__TI_zero_init</name>
         <load_address>0x14d10</load_address>
         <run_address>0x14d10</run_address>
         <size>0x24</size>
         <input_file_ref idref="fl-43"/>
      </object_component>
      <object_component id="oc-14b">
         <name>.text:init_driver</name>
         <load_address>0x14d34</load_address>
         <run_address>0x14d34</run_address>
         <size>0x22</size>
         <input_file_ref idref="fl-e"/>
      </object_component>
      <object_component id="oc-43e">
         <name>.text</name>
         <load_address>0x14d56</load_address>
         <run_address>0x14d56</run_address>
         <size>0x22</size>
         <input_file_ref idref="fl-67"/>
      </object_component>
      <object_component id="oc-13f">
         <name>.text:Touch_CallBack</name>
         <load_address>0x14d78</load_address>
         <run_address>0x14d78</run_address>
         <size>0x20</size>
         <input_file_ref idref="fl-2"/>
      </object_component>
      <object_component id="oc-24f">
         <name>.text:ssd1289_set_cursor</name>
         <load_address>0x14d98</load_address>
         <run_address>0x14d98</run_address>
         <size>0x20</size>
         <input_file_ref idref="fl-4"/>
      </object_component>
      <object_component id="oc-21e">
         <name>.text:timers_init</name>
         <load_address>0x14db8</load_address>
         <run_address>0x14db8</run_address>
         <size>0x20</size>
         <input_file_ref idref="fl-f"/>
      </object_component>
      <object_component id="oc-2c5">
         <name>.text:getX</name>
         <load_address>0x14dd8</load_address>
         <run_address>0x14dd8</run_address>
         <size>0x18</size>
         <input_file_ref idref="fl-6"/>
      </object_component>
      <object_component id="oc-2cc">
         <name>.text:getY</name>
         <load_address>0x14df0</load_address>
         <run_address>0x14df0</run_address>
         <size>0x18</size>
         <input_file_ref idref="fl-6"/>
      </object_component>
      <object_component id="oc-2ba">
         <name>.text</name>
         <load_address>0x14e08</load_address>
         <run_address>0x14e08</run_address>
         <size>0x16</size>
         <input_file_ref idref="fl-46"/>
      </object_component>
      <object_component id="oc-3da">
         <name>.text</name>
         <load_address>0x14e1e</load_address>
         <run_address>0x14e1e</run_address>
         <size>0x16</size>
         <input_file_ref idref="fl-66"/>
      </object_component>
      <object_component id="oc-44d">
         <name>.text:spi_receive</name>
         <load_address>0x14e34</load_address>
         <run_address>0x14e34</run_address>
         <size>0x16</size>
         <input_file_ref idref="fl-b"/>
      </object_component>
      <object_component id="oc-4d6">
         <name>.text:spi_send</name>
         <load_address>0x14e4a</load_address>
         <run_address>0x14e4a</run_address>
         <size>0x16</size>
         <input_file_ref idref="fl-b"/>
      </object_component>
      <object_component id="oc-62f">
         <name>.text:mem_cmp</name>
         <load_address>0x14e60</load_address>
         <run_address>0x14e60</run_address>
         <size>0x14</size>
         <input_file_ref idref="fl-a"/>
      </object_component>
      <object_component id="oc-d7">
         <name>.text:memcpy</name>
         <load_address>0x14e74</load_address>
         <run_address>0x14e74</run_address>
         <size>0x14</size>
         <input_file_ref idref="fl-64"/>
      </object_component>
      <object_component id="oc-5c3">
         <name>.text:spi_set_divisor</name>
         <load_address>0x14e88</load_address>
         <run_address>0x14e88</run_address>
         <size>0x14</size>
         <input_file_ref idref="fl-b"/>
      </object_component>
      <object_component id="oc-145">
         <name>.text:config_int</name>
         <load_address>0x14e9c</load_address>
         <run_address>0x14e9c</run_address>
         <size>0x12</size>
         <input_file_ref idref="fl-c"/>
      </object_component>
      <object_component id="oc-85">
         <name>.text:decompress:none:__TI_decompress_none</name>
         <load_address>0x14eae</load_address>
         <run_address>0x14eae</run_address>
         <size>0x12</size>
         <input_file_ref idref="fl-41"/>
      </object_component>
      <object_component id="oc-121">
         <name>.text:init</name>
         <load_address>0x14ec0</load_address>
         <run_address>0x14ec0</run_address>
         <size>0x12</size>
         <input_file_ref idref="fl-6"/>
      </object_component>
      <object_component id="oc-628">
         <name>.text:mem_set</name>
         <load_address>0x14ed2</load_address>
         <run_address>0x14ed2</run_address>
         <size>0x12</size>
         <input_file_ref idref="fl-a"/>
      </object_component>
      <object_component id="oc-4a1">
         <name>.text:mm_to_steps</name>
         <load_address>0x14ee4</load_address>
         <run_address>0x14ee4</run_address>
         <size>0x12</size>
         <input_file_ref idref="fl-d"/>
      </object_component>
      <object_component id="oc-22e">
         <name>.text:ssd1289_send</name>
         <load_address>0x14ef6</load_address>
         <run_address>0x14ef6</run_address>
         <size>0x12</size>
         <input_file_ref idref="fl-4"/>
      </object_component>
      <object_component id="oc-68e">
         <name>.text:l_asr</name>
         <load_address>0x14f08</load_address>
         <run_address>0x14f08</run_address>
         <size>0x10</size>
         <input_file_ref idref="fl-7a"/>
      </object_component>
      <object_component id="oc-684">
         <name>.text:l_lsl</name>
         <load_address>0x14f18</load_address>
         <run_address>0x14f18</run_address>
         <size>0x10</size>
         <input_file_ref idref="fl-62"/>
      </object_component>
      <object_component id="oc-689">
         <name>.text:l_lsr</name>
         <load_address>0x14f28</load_address>
         <run_address>0x14f28</run_address>
         <size>0x10</size>
         <input_file_ref idref="fl-63"/>
      </object_component>
      <object_component id="oc-483">
         <name>.text:home_all</name>
         <load_address>0x14f38</load_address>
         <run_address>0x14f38</run_address>
         <size>0xc</size>
         <input_file_ref idref="fl-5"/>
      </object_component>
      <object_component id="oc-311">
         <name>.text:ssd1289_send_cmd</name>
         <load_address>0x14f44</load_address>
         <run_address>0x14f44</run_address>
         <size>0xc</size>
         <input_file_ref idref="fl-4"/>
      </object_component>
      <object_component id="oc-317">
         <name>.text:ssd1289_send_data</name>
         <load_address>0x14f50</load_address>
         <run_address>0x14f50</run_address>
         <size>0xc</size>
         <input_file_ref idref="fl-4"/>
      </object_component>
      <object_component id="oc-5f6">
         <name>.text:abs</name>
         <load_address>0x14f5c</load_address>
         <run_address>0x14f5c</run_address>
         <size>0xa</size>
         <input_file_ref idref="fl-6d"/>
      </object_component>
      <object_component id="oc-3cd">
         <name>.text:open_data</name>
         <load_address>0x14f66</load_address>
         <run_address>0x14f66</run_address>
         <size>0xa</size>
         <input_file_ref idref="fl-8"/>
      </object_component>
      <object_component id="oc-468">
         <name>.text</name>
         <load_address>0x14f70</load_address>
         <run_address>0x14f70</run_address>
         <size>0xa</size>
         <input_file_ref idref="fl-4d"/>
      </object_component>
      <object_component id="oc-3bc">
         <name>.text</name>
         <load_address>0x14f7a</load_address>
         <run_address>0x14f7a</run_address>
         <size>0xa</size>
         <input_file_ref idref="fl-61"/>
      </object_component>
      <object_component id="oc-9b">
         <name>.text:__TI_ISR_TRAP</name>
         <load_address>0x14f84</load_address>
         <run_address>0x14f84</run_address>
         <size>0x6</size>
         <input_file_ref idref="fl-60"/>
      </object_component>
      <object_component id="oc-4e3">
         <name>.text:atof</name>
         <load_address>0x14f8a</load_address>
         <run_address>0x14f8a</run_address>
         <size>0x6</size>
         <input_file_ref idref="fl-3e"/>
      </object_component>
      <object_component id="oc-91">
         <name>.text:decompress:rle24:__TI_decompress_rle24</name>
         <load_address>0x14f90</load_address>
         <run_address>0x14f90</run_address>
         <size>0x6</size>
         <input_file_ref idref="fl-42"/>
      </object_component>
      <object_component id="oc-b8">
         <name>.text:_system_pre_init</name>
         <load_address>0x14f96</load_address>
         <run_address>0x14f96</run_address>
         <size>0x4</size>
         <input_file_ref idref="fl-68"/>
      </object_component>
      <object_component id="oc-ca">
         <name>.text:abort</name>
         <load_address>0x14f9a</load_address>
         <run_address>0x14f9a</run_address>
         <size>0x4</size>
         <input_file_ref idref="fl-48"/>
      </object_component>
      <object_component id="oc-a0">
         <name>.text:_isr:Port_2</name>
         <load_address>0x4400</load_address>
         <run_address>0x4400</run_address>
         <size>0x40</size>
         <input_file_ref idref="fl-c"/>
      </object_component>
      <object_component id="oc-a6">
         <name>.text:_isr:TIMER2_A1_ISR</name>
         <load_address>0x4440</load_address>
         <run_address>0x4440</run_address>
         <size>0x1c</size>
         <input_file_ref idref="fl-f"/>
      </object_component>
      <object_component id="oc-72">
         <name>.text:_isr:_c_int00_noexit</name>
         <load_address>0x445c</load_address>
         <run_address>0x445c</run_address>
         <size>0x1a</size>
         <input_file_ref idref="fl-40"/>
      </object_component>
      <object_component id="oc-b2">
         <name>.text:_isr:Port_1</name>
         <load_address>0x4476</load_address>
         <run_address>0x4476</run_address>
         <size>0x16</size>
         <input_file_ref idref="fl-c"/>
      </object_component>
      <object_component id="oc-d1">
         <name>.text:_isr:TIMER0_A1_ISR</name>
         <load_address>0x448c</load_address>
         <run_address>0x448c</run_address>
         <size>0xc</size>
         <input_file_ref idref="fl-d"/>
      </object_component>
      <object_component id="oc-ac">
         <name>.text:_isr:Timer2_A0</name>
         <load_address>0x4498</load_address>
         <run_address>0x4498</run_address>
         <size>0xa</size>
         <input_file_ref idref="fl-f"/>
      </object_component>
      <object_component id="oc-717">
         <name>.cinit..data.load</name>
         <load_address>0xcc62</load_address>
         <run_address>0xcc62</run_address>
         <size>0xc</size>
      </object_component>
      <object_component id="oc-714">
         <name>__TI_handler_table</name>
         <load_address>0xcc6e</load_address>
         <run_address>0xcc6e</run_address>
         <size>0xc</size>
      </object_component>
      <object_component id="oc-716">
         <name>.cinit..bss.load</name>
         <load_address>0xcc7a</load_address>
         <run_address>0xcc7a</run_address>
         <size>0x6</size>
      </object_component>
      <object_component id="oc-715">
         <name>__TI_cinit_table</name>
         <load_address>0xcc80</load_address>
         <run_address>0xcc80</run_address>
         <size>0x10</size>
      </object_component>
      <object_component id="oc-1a6">
         <name>.const:info</name>
         <load_address>0x44a2</load_address>
         <run_address>0x44a2</run_address>
         <size>0x4650</size>
         <input_file_ref idref="fl-3"/>
      </object_component>
      <object_component id="oc-4ab">
         <name>.const:home</name>
         <load_address>0x8af2</load_address>
         <run_address>0x8af2</run_address>
         <size>0x1c20</size>
         <input_file_ref idref="fl-3"/>
      </object_component>
      <object_component id="oc-1af">
         <name>.const:Captura</name>
         <load_address>0xa712</load_address>
         <run_address>0xa712</run_address>
         <size>0x157c</size>
         <input_file_ref idref="fl-3"/>
      </object_component>
      <object_component id="oc-4a8">
         <name>.const:back</name>
         <load_address>0xbc8e</load_address>
         <run_address>0xbc8e</run_address>
         <size>0x7d0</size>
         <input_file_ref idref="fl-3"/>
      </object_component>
      <object_component id="oc-326">
         <name>.const:font_ascii</name>
         <load_address>0xc45e</load_address>
         <run_address>0xc45e</run_address>
         <size>0x5f0</size>
         <input_file_ref idref="fl-4"/>
      </object_component>
      <object_component id="oc-4de">
         <name>.const:.string:_ctypes_</name>
         <load_address>0xca4e</load_address>
         <run_address>0xca4e</run_address>
         <size>0x101</size>
         <input_file_ref idref="fl-44"/>
      </object_component>
      <object_component id="oc-19f">
         <name>.const:.string</name>
         <load_address>0xcb50</load_address>
         <run_address>0xcb50</run_address>
         <size>0x5e</size>
         <input_file_ref idref="fl-3"/>
      </object_component>
      <object_component id="oc-613">
         <name>.const:digits</name>
         <load_address>0xcbae</load_address>
         <run_address>0xcbae</run_address>
         <size>0x50</size>
         <input_file_ref idref="fl-6b"/>
      </object_component>
      <object_component id="oc-601">
         <name>.const:powerof10</name>
         <load_address>0xcbfe</load_address>
         <run_address>0xcbfe</run_address>
         <size>0x48</size>
         <input_file_ref idref="fl-6b"/>
      </object_component>
      <object_component id="oc-3d9">
         <name>.const:.string</name>
         <load_address>0xcc46</load_address>
         <run_address>0xcc46</run_address>
         <size>0x18</size>
         <input_file_ref idref="fl-7"/>
      </object_component>
      <object_component id="oc-2a4">
         <name>.const:.string</name>
         <load_address>0xcc5e</load_address>
         <run_address>0xcc5e</run_address>
         <size>0x4</size>
         <input_file_ref idref="fl-8"/>
      </object_component>
      <object_component id="oc-69">
         <name>.int41</name>
         <load_address>0xffd2</load_address>
         <run_address>0xffd2</run_address>
         <size>0x2</size>
         <input_file_ref idref="fl-4f"/>
      </object_component>
      <object_component id="oc-6a">
         <name>.int42</name>
         <load_address>0xffd4</load_address>
         <run_address>0xffd4</run_address>
         <size>0x2</size>
         <input_file_ref idref="fl-c"/>
      </object_component>
      <object_component id="oc-6b">
         <name>.int43</name>
         <load_address>0xffd6</load_address>
         <run_address>0xffd6</run_address>
         <size>0x2</size>
         <input_file_ref idref="fl-f"/>
      </object_component>
      <object_component id="oc-6c">
         <name>.int44</name>
         <load_address>0xffd8</load_address>
         <run_address>0xffd8</run_address>
         <size>0x2</size>
         <input_file_ref idref="fl-f"/>
      </object_component>
      <object_component id="oc-6d">
         <name>.int45</name>
         <load_address>0xffda</load_address>
         <run_address>0xffda</run_address>
         <size>0x2</size>
         <input_file_ref idref="fl-50"/>
      </object_component>
      <object_component id="oc-6e">
         <name>.int46</name>
         <load_address>0xffdc</load_address>
         <run_address>0xffdc</run_address>
         <size>0x2</size>
         <input_file_ref idref="fl-51"/>
      </object_component>
      <object_component id="oc-6f">
         <name>.int47</name>
         <load_address>0xffde</load_address>
         <run_address>0xffde</run_address>
         <size>0x2</size>
         <input_file_ref idref="fl-c"/>
      </object_component>
      <object_component id="oc-70">
         <name>.int48</name>
         <load_address>0xffe0</load_address>
         <run_address>0xffe0</run_address>
         <size>0x2</size>
         <input_file_ref idref="fl-52"/>
      </object_component>
      <object_component id="oc-71">
         <name>.int49</name>
         <load_address>0xffe2</load_address>
         <run_address>0xffe2</run_address>
         <size>0x2</size>
         <input_file_ref idref="fl-53"/>
      </object_component>
      <object_component id="oc-78">
         <name>.int50</name>
         <load_address>0xffe4</load_address>
         <run_address>0xffe4</run_address>
         <size>0x2</size>
         <input_file_ref idref="fl-54"/>
      </object_component>
      <object_component id="oc-79">
         <name>.int51</name>
         <load_address>0xffe6</load_address>
         <run_address>0xffe6</run_address>
         <size>0x2</size>
         <input_file_ref idref="fl-55"/>
      </object_component>
      <object_component id="oc-7a">
         <name>.int52</name>
         <load_address>0xffe8</load_address>
         <run_address>0xffe8</run_address>
         <size>0x2</size>
         <input_file_ref idref="fl-d"/>
      </object_component>
      <object_component id="oc-7b">
         <name>.int53</name>
         <load_address>0xffea</load_address>
         <run_address>0xffea</run_address>
         <size>0x2</size>
         <input_file_ref idref="fl-56"/>
      </object_component>
      <object_component id="oc-7c">
         <name>.int54</name>
         <load_address>0xffec</load_address>
         <run_address>0xffec</run_address>
         <size>0x2</size>
         <input_file_ref idref="fl-57"/>
      </object_component>
      <object_component id="oc-7d">
         <name>.int55</name>
         <load_address>0xffee</load_address>
         <run_address>0xffee</run_address>
         <size>0x2</size>
         <input_file_ref idref="fl-58"/>
      </object_component>
      <object_component id="oc-7e">
         <name>.int56</name>
         <load_address>0xfff0</load_address>
         <run_address>0xfff0</run_address>
         <size>0x2</size>
         <input_file_ref idref="fl-59"/>
      </object_component>
      <object_component id="oc-7f">
         <name>.int57</name>
         <load_address>0xfff2</load_address>
         <run_address>0xfff2</run_address>
         <size>0x2</size>
         <input_file_ref idref="fl-5a"/>
      </object_component>
      <object_component id="oc-80">
         <name>.int58</name>
         <load_address>0xfff4</load_address>
         <run_address>0xfff4</run_address>
         <size>0x2</size>
         <input_file_ref idref="fl-5b"/>
      </object_component>
      <object_component id="oc-81">
         <name>.int59</name>
         <load_address>0xfff6</load_address>
         <run_address>0xfff6</run_address>
         <size>0x2</size>
         <input_file_ref idref="fl-5c"/>
      </object_component>
      <object_component id="oc-82">
         <name>.int60</name>
         <load_address>0xfff8</load_address>
         <run_address>0xfff8</run_address>
         <size>0x2</size>
         <input_file_ref idref="fl-5d"/>
      </object_component>
      <object_component id="oc-83">
         <name>.int61</name>
         <load_address>0xfffa</load_address>
         <run_address>0xfffa</run_address>
         <size>0x2</size>
         <input_file_ref idref="fl-5e"/>
      </object_component>
      <object_component id="oc-84">
         <name>.int62</name>
         <load_address>0xfffc</load_address>
         <run_address>0xfffc</run_address>
         <size>0x2</size>
         <input_file_ref idref="fl-5f"/>
      </object_component>
      <object_component id="oc-9a">
         <name>.reset</name>
         <load_address>0xfffe</load_address>
         <run_address>0xfffe</run_address>
         <size>0x2</size>
         <input_file_ref idref="fl-40"/>
      </object_component>
      <object_component id="oc-3ca">
         <name>.common:X</name>
         <uninitialized>true</uninitialized>
         <run_address>0x25dc</run_address>
         <size>0x2</size>
      </object_component>
      <object_component id="oc-3c8">
         <name>.common:Y</name>
         <uninitialized>true</uninitialized>
         <run_address>0x25de</run_address>
         <size>0x2</size>
      </object_component>
      <object_component id="oc-1fe">
         <name>.common:touchscreen</name>
         <uninitialized>true</uninitialized>
         <run_address>0x25ac</run_address>
         <size>0x8</size>
      </object_component>
      <object_component id="oc-205">
         <name>.common:scrnumber</name>
         <uninitialized>true</uninitialized>
         <run_address>0x25e2</run_address>
         <size>0x2</size>
      </object_component>
      <object_component id="oc-1eb">
         <name>.common:lugar</name>
         <uninitialized>true</uninitialized>
         <run_address>0x252c</run_address>
         <size>0x10</size>
      </object_component>
      <object_component id="oc-4d0">
         <name>.common:docs</name>
         <uninitialized>true</uninitialized>
         <run_address>0x25b4</run_address>
         <size>0x6</size>
      </object_component>
      <object_component id="oc-4ce">
         <name>.common:lista</name>
         <uninitialized>true</uninitialized>
         <run_address>0x25c4</run_address>
         <size>0x4</size>
      </object_component>
      <object_component id="oc-4cc">
         <name>.common:i</name>
         <uninitialized>true</uninitialized>
         <run_address>0x25ea</run_address>
         <size>0x1</size>
      </object_component>
      <object_component id="oc-4c2">
         <name>.common:j</name>
         <uninitialized>true</uninitialized>
         <run_address>0x25eb</run_address>
         <size>0x1</size>
      </object_component>
      <object_component id="oc-4c6">
         <name>.common:names</name>
         <uninitialized>true</uninitialized>
         <run_address>0x254c</run_address>
         <size>0xe</size>
      </object_component>
      <object_component id="oc-51c">
         <name>.common:prove</name>
         <uninitialized>true</uninitialized>
         <run_address>0x2592</run_address>
         <size>0xa</size>
      </object_component>
      <object_component id="oc-51e">
         <name>.common:result</name>
         <uninitialized>true</uninitialized>
         <run_address>0x253c</run_address>
         <size>0x10</size>
      </object_component>
      <object_component id="oc-2d5">
         <name>.common:touchscr</name>
         <uninitialized>true</uninitialized>
         <run_address>0x25a4</run_address>
         <size>0x8</size>
      </object_component>
      <object_component id="oc-424">
         <name>.common:listas</name>
         <uninitialized>true</uninitialized>
         <run_address>0x25ba</run_address>
         <size>0x6</size>
      </object_component>
      <object_component id="oc-3e5">
         <name>.common:point</name>
         <uninitialized>true</uninitialized>
         <run_address>0x25c8</run_address>
         <size>0x4</size>
      </object_component>
      <object_component id="oc-41c">
         <name>.common:motors</name>
         <uninitialized>true</uninitialized>
         <run_address>0x2588</run_address>
         <size>0xa</size>
      </object_component>
      <object_component id="oc-573">
         <name>.common:list</name>
         <uninitialized>true</uninitialized>
         <run_address>0x2400</run_address>
         <size>0x82</size>
      </object_component>
      <object_component id="oc-2ab">
         <name>.common:Buff</name>
         <uninitialized>true</uninitialized>
         <run_address>0x24ac</run_address>
         <size>0x1c</size>
      </object_component>
      <object_component id="oc-2ac">
         <name>.common:Line</name>
         <uninitialized>true</uninitialized>
         <run_address>0x24c8</run_address>
         <size>0x1c</size>
      </object_component>
      <object_component id="oc-567">
         <name>.common:s1</name>
         <uninitialized>true</uninitialized>
         <run_address>0x25e0</run_address>
         <size>0x2</size>
      </object_component>
      <object_component id="oc-571">
         <name>.common:resu</name>
         <uninitialized>true</uninitialized>
         <run_address>0x25ec</run_address>
         <size>0x1</size>
      </object_component>
      <object_component id="oc-54f">
         <name>.common:fs</name>
         <uninitialized>true</uninitialized>
         <run_address>0x2482</run_address>
         <size>0x2a</size>
      </object_component>
      <object_component id="oc-568">
         <name>.common:dir</name>
         <uninitialized>true</uninitialized>
         <run_address>0x24fa</run_address>
         <size>0x12</size>
      </object_component>
      <object_component id="oc-572">
         <name>.common:fno</name>
         <uninitialized>true</uninitialized>
         <run_address>0x24e4</run_address>
         <size>0x16</size>
      </object_component>
      <object_component id="oc-63a">
         <name>.common:CardType</name>
         <uninitialized>true</uninitialized>
         <run_address>0x25e8</run_address>
         <size>0x1</size>
      </object_component>
      <object_component id="oc-63e">
         <name>.common:wc$1</name>
         <uninitialized>true</uninitialized>
         <run_address>0x25e6</run_address>
         <size>0x2</size>
      </object_component>
      <object_component id="oc-646">
         <name>.common:FatFs</name>
         <uninitialized>true</uninitialized>
         <run_address>0x25c0</run_address>
         <size>0x4</size>
      </object_component>
      <object_component id="oc-209">
         <name>.common:end_CB</name>
         <uninitialized>true</uninitialized>
         <run_address>0x2566</run_address>
         <size>0xc</size>
      </object_component>
      <object_component id="oc-20a">
         <name>.common:tch_CB</name>
         <uninitialized>true</uninitialized>
         <run_address>0x259c</run_address>
         <size>0x8</size>
      </object_component>
      <object_component id="oc-5af">
         <name>.common:anterior</name>
         <uninitialized>true</uninitialized>
         <run_address>0x251c</run_address>
         <size>0x10</size>
      </object_component>
      <object_component id="oc-5a9">
         <name>.common:actual</name>
         <uninitialized>true</uninitialized>
         <run_address>0x250c</run_address>
         <size>0x10</size>
      </object_component>
      <object_component id="oc-540">
         <name>.common:steps_to_move</name>
         <uninitialized>true</uninitialized>
         <run_address>0x25cc</run_address>
         <size>0x4</size>
      </object_component>
      <object_component id="oc-45e">
         <name>.common:val</name>
         <uninitialized>true</uninitialized>
         <run_address>0x25e4</run_address>
         <size>0x2</size>
      </object_component>
      <object_component id="oc-45d">
         <name>.common:gruppe</name>
         <uninitialized>true</uninitialized>
         <run_address>0x25e9</run_address>
         <size>0x1</size>
      </object_component>
      <object_component id="oc-364">
         <name>.common:control</name>
         <uninitialized>true</uninitialized>
         <run_address>0x257e</run_address>
         <size>0xa</size>
      </object_component>
      <object_component id="oc-300">
         <name>.common:x</name>
         <uninitialized>true</uninitialized>
         <run_address>0x25d0</run_address>
         <size>0x4</size>
      </object_component>
      <object_component id="oc-2fd">
         <name>.common:y</name>
         <uninitialized>true</uninitialized>
         <run_address>0x25d4</run_address>
         <size>0x4</size>
      </object_component>
      <object_component id="oc-309">
         <name>.common:z</name>
         <uninitialized>true</uninitialized>
         <run_address>0x25d8</run_address>
         <size>0x4</size>
      </object_component>
      <object_component id="oc-362">
         <name>.common:tics</name>
         <uninitialized>true</uninitialized>
         <run_address>0x2572</run_address>
         <size>0xc</size>
      </object_component>
      <object_component id="oc-30e">
         <name>.common:CB_Timers</name>
         <uninitialized>true</uninitialized>
         <run_address>0x255a</run_address>
         <size>0xc</size>
      </object_component>
      <object_component id="oc-1db">
         <name>.data</name>
         <load_address>0x25fc</load_address>
         <run_address>0x25fc</run_address>
         <size>0x1</size>
         <input_file_ref idref="fl-5"/>
      </object_component>
      <object_component id="oc-1ec">
         <name>.data</name>
         <load_address>0x25f4</load_address>
         <run_address>0x25f4</run_address>
         <size>0x4</size>
         <input_file_ref idref="fl-7"/>
      </object_component>
      <object_component id="oc-292">
         <name>.data</name>
         <load_address>0x25ee</load_address>
         <run_address>0x25ee</run_address>
         <size>0x6</size>
         <input_file_ref idref="fl-8"/>
      </object_component>
      <object_component id="oc-4c3">
         <name>.data</name>
         <load_address>0x25fa</load_address>
         <run_address>0x25fa</run_address>
         <size>0x2</size>
         <input_file_ref idref="fl-3"/>
      </object_component>
      <object_component id="oc-610">
         <name>.data</name>
         <load_address>0x25f8</load_address>
         <run_address>0x25f8</run_address>
         <size>0x2</size>
         <input_file_ref idref="fl-74"/>
      </object_component>
      <object_component id="oc-73">
         <name>.debug_aranges</name>
         <load_address>0x0</load_address>
         <run_address>0x0</run_address>
         <size>0x20</size>
         <input_file_ref idref="fl-40"/>
      </object_component>
      <object_component id="oc-89">
         <name>.debug_aranges</name>
         <load_address>0x20</load_address>
         <run_address>0x20</run_address>
         <size>0x20</size>
         <input_file_ref idref="fl-41"/>
      </object_component>
      <object_component id="oc-8c">
         <name>.debug_aranges</name>
         <load_address>0x40</load_address>
         <run_address>0x40</run_address>
         <size>0x20</size>
         <input_file_ref idref="fl-43"/>
      </object_component>
      <object_component id="oc-92">
         <name>.debug_aranges</name>
         <load_address>0x60</load_address>
         <run_address>0x60</run_address>
         <size>0x20</size>
         <input_file_ref idref="fl-42"/>
      </object_component>
      <object_component id="oc-9f">
         <name>.debug_aranges</name>
         <load_address>0x80</load_address>
         <run_address>0x80</run_address>
         <size>0x20</size>
         <input_file_ref idref="fl-60"/>
      </object_component>
      <object_component id="oc-a4">
         <name>.debug_aranges</name>
         <load_address>0xa0</load_address>
         <run_address>0xa0</run_address>
         <size>0x20</size>
         <input_file_ref idref="fl-c"/>
      </object_component>
      <object_component id="oc-a8">
         <name>.debug_aranges</name>
         <load_address>0xc0</load_address>
         <run_address>0xc0</run_address>
         <size>0x20</size>
         <input_file_ref idref="fl-f"/>
      </object_component>
      <object_component id="oc-ae">
         <name>.debug_aranges</name>
         <load_address>0xe0</load_address>
         <run_address>0xe0</run_address>
         <size>0x20</size>
         <input_file_ref idref="fl-f"/>
      </object_component>
      <object_component id="oc-b5">
         <name>.debug_aranges</name>
         <load_address>0x100</load_address>
         <run_address>0x100</run_address>
         <size>0x20</size>
         <input_file_ref idref="fl-c"/>
      </object_component>
      <object_component id="oc-ba">
         <name>.debug_aranges</name>
         <load_address>0x120</load_address>
         <run_address>0x120</run_address>
         <size>0x20</size>
         <input_file_ref idref="fl-68"/>
      </object_component>
      <object_component id="oc-bf">
         <name>.debug_aranges</name>
         <load_address>0x140</load_address>
         <run_address>0x140</run_address>
         <size>0x20</size>
         <input_file_ref idref="fl-70"/>
      </object_component>
      <object_component id="oc-c8">
         <name>.debug_aranges</name>
         <load_address>0x160</load_address>
         <run_address>0x160</run_address>
         <size>0x20</size>
         <input_file_ref idref="fl-2"/>
      </object_component>
      <object_component id="oc-cd">
         <name>.debug_aranges</name>
         <load_address>0x180</load_address>
         <run_address>0x180</run_address>
         <size>0x20</size>
         <input_file_ref idref="fl-48"/>
      </object_component>
      <object_component id="oc-d4">
         <name>.debug_aranges</name>
         <load_address>0x1a0</load_address>
         <run_address>0x1a0</run_address>
         <size>0x20</size>
         <input_file_ref idref="fl-d"/>
      </object_component>
      <object_component id="oc-dc">
         <name>.debug_aranges</name>
         <load_address>0x1c0</load_address>
         <run_address>0x1c0</run_address>
         <size>0x20</size>
         <input_file_ref idref="fl-64"/>
      </object_component>
      <object_component id="oc-ec">
         <name>.debug_aranges</name>
         <load_address>0x1e0</load_address>
         <run_address>0x1e0</run_address>
         <size>0x20</size>
         <input_file_ref idref="fl-42"/>
      </object_component>
      <object_component id="oc-114">
         <name>.debug_aranges</name>
         <load_address>0x200</load_address>
         <run_address>0x200</run_address>
         <size>0x20</size>
         <input_file_ref idref="fl-c"/>
      </object_component>
      <object_component id="oc-11c">
         <name>.debug_aranges</name>
         <load_address>0x220</load_address>
         <run_address>0x220</run_address>
         <size>0x20</size>
         <input_file_ref idref="fl-3"/>
      </object_component>
      <object_component id="oc-124">
         <name>.debug_aranges</name>
         <load_address>0x240</load_address>
         <run_address>0x240</run_address>
         <size>0x20</size>
         <input_file_ref idref="fl-6"/>
      </object_component>
      <object_component id="oc-12b">
         <name>.debug_aranges</name>
         <load_address>0x260</load_address>
         <run_address>0x260</run_address>
         <size>0x20</size>
         <input_file_ref idref="fl-b"/>
      </object_component>
      <object_component id="oc-12f">
         <name>.debug_aranges</name>
         <load_address>0x280</load_address>
         <run_address>0x280</run_address>
         <size>0x20</size>
         <input_file_ref idref="fl-2"/>
      </object_component>
      <object_component id="oc-136">
         <name>.debug_aranges</name>
         <load_address>0x2a0</load_address>
         <run_address>0x2a0</run_address>
         <size>0x20</size>
         <input_file_ref idref="fl-2"/>
      </object_component>
[...]
      </symbol>
      <symbol id="sm-8cd">
         <name>__TI_int44</name>
         <value>0xffd8</value>
         <object_component_ref idref="oc-6c"/>
      </symbol>
      <symbol id="sm-8ce">
         <name>__TI_int43</name>
         <value>0xffd6</value>
         <object_component_ref idref="oc-6b"/>
      </symbol>
      <symbol id="sm-8cf">
         <name>TIMER2_A1_ISR</name>
         <value>0x4440</value>
         <object_component_ref idref="oc-a6"/>
      </symbol>
      <symbol id="sm-8d0">
         <name>timers_init</name>
         <value>0x14db8</value>
         <object_component_ref idref="oc-21e"/>
      </symbol>
      <symbol id="sm-8d1">
         <name>Timer2_A0</name>
         <value>0x4498</value>
         <object_component_ref idref="oc-ac"/>
      </symbol>
      <symbol id="sm-8d2">
         <name>timer_on</name>
         <value>0x14b20</value>
         <object_component_ref idref="oc-341"/>
      </symbol>
      <symbol id="sm-8d3">
         <name>timer_off</name>
         <value>0x14af0</value>
         <object_component_ref idref="oc-1c6"/>
      </symbol>
      <symbol id="sm-8df">
         <name>atof</name>
         <value>0x14f8a</value>
         <object_component_ref idref="oc-4e3"/>
      </symbol>
      <symbol id="sm-8f2">
         <name>atoi</name>
         <value>0x143e2</value>
         <object_component_ref idref="oc-456"/>
      </symbol>
      <symbol id="sm-902">
         <name>_c_int00_noexit</name>
         <value>0x445c</value>
         <object_component_ref idref="oc-72"/>
      </symbol>
      <symbol id="sm-903">
         <name>_c_int00</name>
         <value>0x445c</value>
         <object_component_ref idref="oc-72"/>
      </symbol>
      <symbol id="sm-904">
         <name>_stack</name>
         <value>0x4360</value>
         <object_component_ref idref="oc-97"/>
      </symbol>
      <symbol id="sm-905">
         <name>_reset_vector</name>
         <value>0xfffe</value>
         <object_component_ref idref="oc-9a"/>
      </symbol>
      <symbol id="sm-91b">
         <name>__TI_decompress_none</name>
         <value>0x14eae</value>
         <object_component_ref idref="oc-85"/>
      </symbol>
      <symbol id="sm-93d">
         <name>__TI_decompress_rle24</name>
         <value>0x14f90</value>
         <object_component_ref idref="oc-91"/>
      </symbol>
      <symbol id="sm-950">
         <name>__TI_zero_init</name>
         <value>0x14d10</value>
         <object_component_ref idref="oc-8b"/>
      </symbol>
      <symbol id="sm-95a">
         <name>_ctypes_</name>
         <value>0xca4e</value>
         <object_component_ref idref="oc-4de"/>
      </symbol>
      <symbol id="sm-972">
         <name>__mspabi_cvtdf</name>
         <value>0x13bf0</value>
         <object_component_ref idref="oc-4e9"/>
      </symbol>
      <symbol id="sm-97c">
         <name>__mspabi_remu</name>
         <value>0x14e08</value>
         <object_component_ref idref="oc-2ba"/>
      </symbol>
      <symbol id="sm-97d">
         <name>__mspabi_divu</name>
         <value>0x14e08</value>
         <object_component_ref idref="oc-2ba"/>
      </symbol>
      <symbol id="sm-98b">
         <name>__mspabi_remul</name>
         <value>0x144a4</value>
         <object_component_ref idref="oc-39f"/>
      </symbol>
      <symbol id="sm-98c">
         <name>__mspabi_divul</name>
         <value>0x144a4</value>
         <object_component_ref idref="oc-39f"/>
      </symbol>
      <symbol id="sm-996">
         <name>C$$EXIT</name>
         <value>0x14f9a</value>
         <object_component_ref idref="oc-ca"/>
      </symbol>
      <symbol id="sm-997">
         <name>abort</name>
         <value>0x14f9a</value>
         <object_component_ref idref="oc-ca"/>
      </symbol>
      <symbol id="sm-9b2">
         <name>__mspabi_subf</name>
         <value>0x12cb4</value>
         <object_component_ref idref="oc-26a"/>
      </symbol>
      <symbol id="sm-9b3">
         <name>__mspabi_addf</name>
         <value>0x12cba</value>
         <object_component_ref idref="oc-26a"/>
      </symbol>
      <symbol id="sm-9c3">
         <name>__mspabi_cmpf</name>
         <value>0x14682</value>
         <object_component_ref idref="oc-47a"/>
      </symbol>
      <symbol id="sm-9d2">
         <name>__mspabi_fltlif</name>
         <value>0x146cc</value>
         <object_component_ref idref="oc-496"/>
      </symbol>
      <symbol id="sm-9e9">
         <name>__mspabi_mpyf</name>
         <value>0x13508</value>
         <object_component_ref idref="oc-5b1"/>
      </symbol>
      <symbol id="sm-9f2">
         <name>__mspabi_negf</name>
         <value>0x14f70</value>
         <object_component_ref idref="oc-468"/>
      </symbol>
      <symbol id="sm-a05">
         <name>__mspabi_fixfli</name>
         <value>0x13f1a</value>
         <object_component_ref idref="oc-5b6"/>
      </symbol>
      <symbol id="sm-a08">
         <name>__TI_int41</name>
         <value>0xffd2</value>
         <object_component_ref idref="oc-69"/>
      </symbol>
      <symbol id="sm-a0b">
         <name>__TI_int45</name>
         <value>0xffda</value>
         <object_component_ref idref="oc-6d"/>
      </symbol>
      <symbol id="sm-a0e">
         <name>__TI_int46</name>
         <value>0xffdc</value>
         <object_component_ref idref="oc-6e"/>
      </symbol>
      <symbol id="sm-a11">
         <name>__TI_int48</name>
         <value>0xffe0</value>
         <object_component_ref idref="oc-70"/>
      </symbol>
      <symbol id="sm-a14">
         <name>__TI_int49</name>
         <value>0xffe2</value>
         <object_component_ref idref="oc-71"/>
      </symbol>
      <symbol id="sm-a17">
         <name>__TI_int50</name>
         <value>0xffe4</value>
         <object_component_ref idref="oc-78"/>
      </symbol>
      <symbol id="sm-a1a">
         <name>__TI_int51</name>
         <value>0xffe6</value>
         <object_component_ref idref="oc-79"/>
      </symbol>
      <symbol id="sm-a1d">
         <name>__TI_int53</name>
         <value>0xffea</value>
         <object_component_ref idref="oc-7b"/>
      </symbol>
      <symbol id="sm-a20">
         <name>__TI_int54</name>
         <value>0xffec</value>
         <object_component_ref idref="oc-7c"/>
      </symbol>
      <symbol id="sm-a23">
         <name>__TI_int55</name>
         <value>0xffee</value>
         <object_component_ref idref="oc-7d"/>
      </symbol>
      <symbol id="sm-a26">
         <name>__TI_int56</name>
         <value>0xfff0</value>
         <object_component_ref idref="oc-7e"/>
      </symbol>
      <symbol id="sm-a29">
         <name>__TI_int57</name>
         <value>0xfff2</value>
         <object_component_ref idref="oc-7f"/>
      </symbol>
      <symbol id="sm-a2c">
         <name>__TI_int58</name>
         <value>0xfff4</value>
         <object_component_ref idref="oc-80"/>
      </symbol>
      <symbol id="sm-a2f">
         <name>__TI_int59</name>
         <value>0xfff6</value>
         <object_component_ref idref="oc-81"/>
      </symbol>
      <symbol id="sm-a32">
         <name>__TI_int60</name>
         <value>0xfff8</value>
         <object_component_ref idref="oc-82"/>
      </symbol>
      <symbol id="sm-a35">
         <name>__TI_int61</name>
         <value>0xfffa</value>
         <object_component_ref idref="oc-83"/>
      </symbol>
      <symbol id="sm-a38">
         <name>__TI_int62</name>
         <value>0xfffc</value>
         <object_component_ref idref="oc-84"/>
      </symbol>
      <symbol id="sm-a40">
         <name>__TI_ISR_TRAP</name>
         <value>0x14f84</value>
         <object_component_ref idref="oc-9b"/>
      </symbol>
      <symbol id="sm-a49">
         <name>__mspabi_slli</name>
         <value>0x14f7a</value>
         <object_component_ref idref="oc-3bc"/>
      </symbol>
      <symbol id="sm-a59">
         <name>__mspabi_slll_9</name>
         <value>0x1486c</value>
         <object_component_ref idref="oc-39a"/>
      </symbol>
      <symbol id="sm-a5a">
         <name>__mspabi_slll_8</name>
         <value>0x14870</value>
         <object_component_ref idref="oc-39a"/>
      </symbol>
      <symbol id="sm-a5b">
         <name>__mspabi_slll_7</name>
         <value>0x14874</value>
         <object_component_ref idref="oc-39a"/>
      </symbol>
      <symbol id="sm-a5c">
         <name>__mspabi_slll_6</name>
         <value>0x14878</value>
         <object_component_ref idref="oc-39a"/>
      </symbol>
      <symbol id="sm-a5d">
         <name>__mspabi_slll_5</name>
         <value>0x1487c</value>
         <object_component_ref idref="oc-39a"/>
      </symbol>
      <symbol id="sm-a5e">
         <name>__mspabi_slll_4</name>
         <value>0x14880</value>
         <object_component_ref idref="oc-39a"/>
      </symbol>
      <symbol id="sm-a5f">
         <name>__mspabi_slll_3</name>
         <value>0x14884</value>
         <object_component_ref idref="oc-39a"/>
      </symbol>
      <symbol id="sm-a60">
         <name>__mspabi_slll_2</name>
         <value>0x14888</value>
         <object_component_ref idref="oc-39a"/>
      </symbol>
      <symbol id="sm-a61">
         <name>__mspabi_slll_1</name>
         <value>0x1488c</value>
         <object_component_ref idref="oc-39a"/>
      </symbol>
      <symbol id="sm-a62">
         <name>__mspabi_slll</name>
         <value>0x14f18</value>
         <object_component_ref idref="oc-684"/>
      </symbol>
      <symbol id="sm-a63">
         <name>__mspabi_slll_15</name>
         <value>0x14854</value>
         <object_component_ref idref="oc-39a"/>
      </symbol>
      <symbol id="sm-a64">
         <name>__mspabi_slll_14</name>
         <value>0x14858</value>
         <object_component_ref idref="oc-39a"/>
      </symbol>
      <symbol id="sm-a65">
         <name>__mspabi_slll_13</name>
         <value>0x1485c</value>
         <object_component_ref idref="oc-39a"/>
      </symbol>
      <symbol id="sm-a66">
         <name>__mspabi_slll_12</name>
         <value>0x14860</value>
         <object_component_ref idref="oc-39a"/>
      </symbol>
      <symbol id="sm-a67">
         <name>__mspabi_slll_11</name>
         <value>0x14864</value>
         <object_component_ref idref="oc-39a"/>
      </symbol>
      <symbol id="sm-a68">
         <name>__mspabi_slll_10</name>
         <value>0x14868</value>
         <object_component_ref idref="oc-39a"/>
      </symbol>
      <symbol id="sm-a78">
         <name>__mspabi_srll_8</name>
         <value>0x148ae</value>
         <object_component_ref idref="oc-37f"/>
      </symbol>
      <symbol id="sm-a79">
         <name>__mspabi_srll_9</name>
         <value>0x148aa</value>
         <object_component_ref idref="oc-37f"/>
      </symbol>
      <symbol id="sm-a7a">
         <name>__mspabi_srll_6</name>
         <value>0x148b6</value>
         <object_component_ref idref="oc-37f"/>
      </symbol>
      <symbol id="sm-a7b">
         <name>__mspabi_srll_7</name>
         <value>0x148b2</value>
         <object_component_ref idref="oc-37f"/>
      </symbol>
      <symbol id="sm-a7c">
         <name>__mspabi_srll_4</name>
         <value>0x148be</value>
         <object_component_ref idref="oc-37f"/>
      </symbol>
      <symbol id="sm-a7d">
         <name>__mspabi_srll_5</name>
         <value>0x148ba</value>
         <object_component_ref idref="oc-37f"/>
      </symbol>
      <symbol id="sm-a7e">
         <name>__mspabi_srll_2</name>
         <value>0x148c6</value>
         <object_component_ref idref="oc-37f"/>
      </symbol>
      <symbol id="sm-a7f">
         <name>__mspabi_srll_3</name>
         <value>0x148c2</value>
         <object_component_ref idref="oc-37f"/>
      </symbol>
      <symbol id="sm-a80">
         <name>__mspabi_srll_1</name>
         <value>0x148ca</value>
         <object_component_ref idref="oc-37f"/>
      </symbol>
      <symbol id="sm-a81">
         <name>__mspabi_srll_15</name>
         <value>0x14892</value>
         <object_component_ref idref="oc-37f"/>
      </symbol>
      <symbol id="sm-a82">
         <name>__mspabi_srll_14</name>
         <value>0x14896</value>
         <object_component_ref idref="oc-37f"/>
      </symbol>
      <symbol id="sm-a83">
         <name>__mspabi_srll_13</name>
         <value>0x1489a</value>
         <object_component_ref idref="oc-37f"/>
      </symbol>
      <symbol id="sm-a84">
         <name>__mspabi_srll_12</name>
         <value>0x1489e</value>
         <object_component_ref idref="oc-37f"/>
      </symbol>
      <symbol id="sm-a85">
         <name>__mspabi_srll_11</name>
         <value>0x148a2</value>
         <object_component_ref idref="oc-37f"/>
      </symbol>
      <symbol id="sm-a86">
         <name>__mspabi_srll_10</name>
         <value>0x148a6</value>
         <object_component_ref idref="oc-37f"/>
      </symbol>
      <symbol id="sm-a87">
         <name>__mspabi_srll</name>
         <value>0x14f28</value>
         <object_component_ref idref="oc-689"/>
      </symbol>
      <symbol id="sm-a9a">
         <name>memcpy</name>
         <value>0x14e74</value>
         <object_component_ref idref="oc-d7"/>
      </symbol>
      <symbol id="sm-aa3">
         <name>__mspabi_mpyi_f5hw</name>
         <value>0x14e1e</value>
         <object_component_ref idref="oc-3da"/>
      </symbol>
      <symbol id="sm-aab">
         <name>__mspabi_mpyl_f5hw</name>
         <value>0x14d56</value>
         <object_component_ref idref="oc-43e"/>
      </symbol>
      <symbol id="sm-ab4">
         <name>_system_pre_init</name>
         <value>0x14f96</value>
         <object_component_ref idref="oc-b8"/>
      </symbol>
      <symbol id="sm-ac3">
         <name>strncmp</name>
         <value>0x14bd6</value>
         <object_component_ref idref="oc-2a5"/>
      </symbol>
      <symbol id="sm-ad3">
         <name>strncpy</name>
         <value>0x14abe</value>
         <object_component_ref idref="oc-561"/>
      </symbol>
      <symbol id="sm-b12">
         <name>strtod</name>
         <value>0x10b82</value>
         <object_component_ref idref="oc-57e"/>
      </symbol>
      <symbol id="sm-b20">
         <name>abs</name>
         <value>0x14f5c</value>
         <object_component_ref idref="oc-5f6"/>
      </symbol>
      <symbol id="sm-b47">
         <name>__mspabi_addd</name>
         <value>0x1115a</value>
         <object_component_ref idref="oc-616"/>
      </symbol>
      <symbol id="sm-b5f">
         <name>_auto_init_hold_wdt</name>
         <value>0x141de</value>
         <object_component_ref idref="oc-be"/>
      </symbol>
      <symbol id="sm-b7c">
         <name>__mspabi_cmpd</name>
         <value>0x13118</value>
         <object_component_ref idref="oc-61c"/>
      </symbol>
      <symbol id="sm-b88">
         <name>__mspabi_remi</name>
         <value>0x14b7e</value>
         <object_component_ref idref="oc-5fc"/>
      </symbol>
      <symbol id="sm-b89">
         <name>__mspabi_divi</name>
         <value>0x14b7e</value>
         <object_component_ref idref="oc-5fc"/>
      </symbol>
      <symbol id="sm-baa">
         <name>__mspabi_divd</name>
         <value>0x11d98</value>
         <object_component_ref idref="oc-60a"/>
      </symbol>
      <symbol id="sm-bb1">
         <name>_Errno</name>
         <value>0x25f8</value>
         <object_component_ref idref="oc-610"/>
      </symbol>
      <symbol id="sm-bd2">
         <name>__TI_frcaddd</name>
         <value>0x116b4</value>
         <object_component_ref idref="oc-667"/>
      </symbol>
      <symbol id="sm-bed">
         <name>__TI_frcdivd</name>
         <value>0x10000</value>
         <object_component_ref idref="oc-65b"/>
      </symbol>
      <symbol id="sm-c0d">
         <name>__mspabi_mpyd</name>
         <value>0x11432</value>
         <object_component_ref idref="oc-604"/>
      </symbol>
      <symbol id="sm-c16">
         <name>__mspabi_negd</name>
         <value>0x14b50</value>
         <object_component_ref idref="oc-5f0"/>
      </symbol>
      <symbol id="sm-c2a">
         <name>__TI_renormd</name>
         <value>0x135be</value>
         <object_component_ref idref="oc-693"/>
      </symbol>
      <symbol id="sm-c3a">
         <name>__mspabi_sral</name>
         <value>0x14f08</value>
         <object_component_ref idref="oc-68e"/>
      </symbol>
      <symbol id="sm-c3b">
         <name>__mspabi_sral_15</name>
         <value>0x14816</value>
         <object_component_ref idref="oc-677"/>
      </symbol>
      <symbol id="sm-c3c">
         <name>__mspabi_sral_14</name>
         <value>0x1481a</value>
         <object_component_ref idref="oc-677"/>
      </symbol>
      <symbol id="sm-c3d">
         <name>__mspabi_sral_13</name>
         <value>0x1481e</value>
         <object_component_ref idref="oc-677"/>
      </symbol>
      <symbol id="sm-c3e">
         <name>__mspabi_sral_12</name>
         <value>0x14822</value>
         <object_component_ref idref="oc-677"/>
      </symbol>
      <symbol id="sm-c3f">
         <name>__mspabi_sral_11</name>
         <value>0x14826</value>
         <object_component_ref idref="oc-677"/>
      </symbol>
      <symbol id="sm-c40">
         <name>__mspabi_sral_10</name>
         <value>0x1482a</value>
         <object_component_ref idref="oc-677"/>
      </symbol>
      <symbol id="sm-c41">
         <name>__mspabi_sral_8</name>
         <value>0x14832</value>
         <object_component_ref idref="oc-677"/>
      </symbol>
      <symbol id="sm-c42">
         <name>__mspabi_sral_9</name>
         <value>0x1482e</value>
         <object_component_ref idref="oc-677"/>
      </symbol>
      <symbol id="sm-c43">
         <name>__mspabi_sral_6</name>
         <value>0x1483a</value>
         <object_component_ref idref="oc-677"/>
      </symbol>
      <symbol id="sm-c44">
         <name>__mspabi_sral_7</name>
         <value>0x14836</value>
         <object_component_ref idref="oc-677"/>
      </symbol>
      <symbol id="sm-c45">
         <name>__mspabi_sral_4</name>
         <value>0x14842</value>
         <object_component_ref idref="oc-677"/>
      </symbol>
      <symbol id="sm-c46">
         <name>__mspabi_sral_5</name>
         <value>0x1483e</value>
         <object_component_ref idref="oc-677"/>
      </symbol>
      <symbol id="sm-c47">
         <name>__mspabi_sral_2</name>
         <value>0x1484a</value>
         <object_component_ref idref="oc-677"/>
      </symbol>
      <symbol id="sm-c48">
         <name>__mspabi_sral_3</name>
         <value>0x14846</value>
         <object_component_ref idref="oc-677"/>
      </symbol>
      <symbol id="sm-c49">
         <name>__mspabi_sral_1</name>
         <value>0x1484e</value>
         <object_component_ref idref="oc-677"/>
      </symbol>
      <symbol id="sm-c5a">
         <name>__TI_frcmpyd</name>
         <value>0x10e76</value>
         <object_component_ref idref="oc-64e"/>
      </symbol>
      <symbol id="sm-c5b">
         <name>__TI_exit</name>
         <value>0x1</value>
      </symbol>
      <symbol id="sm-c5c">
         <name>__TI_args_main</name>
         <value>0x1</value>
      </symbol>
      <symbol id="sm-c5d">
         <name>__TI_INITARRAY_Base</name>
         <value>0x0</value>
      </symbol>
      <symbol id="sm-c5e">
         <name>__TI_INITARRAY_Limit</name>
         <value>0x0</value>
      </symbol>
   </symbol_table>
   <title>Link successful</title>
</link_info>
